#-----------------------------------------------------------
# xsim v2020.2 (64-bit)
# SW Build 3064766 on Wed Nov 18 09:12:45 MST 2020
# IP Build 3064653 on Wed Nov 18 14:17:31 MST 2020
# Start of session at: Thu Jun 17 21:05:08 2021
# Process ID: 9952
# Current directory: D:/uart_loopback_win
# Command line: xsim.exe -source {xsim.dir/test_uart.sim/xsim_script.tcl}
# Log file: D:/uart_loopback_win/xsim.log
# Journal file: D:/uart_loopback_win\xsim.jou
#-----------------------------------------------------------
start_gui
source xsim.dir/test_uart.sim/xsim_script.tcl
add_wave {{/test_uart/pin_send}} {{/test_uart/pin_recv}} {{/test_uart/pin_delay}} {{/test_uart/clk}} {{/test_uart/rstn}} {{/test_uart/txchar}} {{/test_uart/start_bit}} {{/test_uart/stop_bit}} {{/test_uart/i}} {{/test_uart/j}} 
current_wave_config {Untitled 1}
add_wave {{/test_uart/u1/u2/rdata}} {{/test_uart/u1/u2/rdata_ready}} {{/test_uart/u1/u2/ferr}} {{/test_uart/u1/u2/rxd}} {{/test_uart/u1/u2/clk}} {{/test_uart/u1/u2/rstn}} {{/test_uart/u1/u2/status}} {{/test_uart/u1/u2/rbuf}} {{/test_uart/u1/u2/counter}} {{/test_uart/u1/u2/next}} {{/test_uart/u1/u2/rst_ctr}} {{/test_uart/u1/u2/check}} {{/test_uart/u1/u2/j}} {{/test_uart/u1/u2/rxd1}} {{/test_uart/u1/u2/rxd2}} {{/test_uart/u1/u2/f}} 
run all
close_sim
